[debug] [2025-02-16T18:49:53.242Z] ----------------------------------------------------------------------
[debug] [2025-02-16T18:49:53.247Z] Command:       C:\Program Files\nodejs\node.exe C:\Users\cokue\AppData\Roaming\npm\node_modules\firebase-tools\lib\bin\firebase.js login
[debug] [2025-02-16T18:49:53.247Z] CLI Version:   13.31.1
[debug] [2025-02-16T18:49:53.248Z] Platform:      win32
[debug] [2025-02-16T18:49:53.248Z] Node Version:  v22.12.0
[debug] [2025-02-16T18:49:53.248Z] Time:          Sun Feb 16 2025 23:49:53 GMT+0500 (Узбекистан, стандартное время)
[debug] [2025-02-16T18:49:53.248Z] ----------------------------------------------------------------------
[debug] 
[debug] [2025-02-16T18:49:53.254Z] >>> [apiv2][query] GET https://firebase-public.firebaseio.com/cli.json [none]
[info] Already logged in as cokuevn@gmail.com
[debug] [2025-02-16T18:49:55.354Z] <<< [apiv2][status] GET https://firebase-public.firebaseio.com/cli.json 200
[debug] [2025-02-16T18:49:55.354Z] <<< [apiv2][body] GET https://firebase-public.firebaseio.com/cli.json {"cloudBuildErrorAfter":1594252800000,"cloudBuildWarnAfter":1590019200000,"defaultNode10After":1594252800000,"minVersion":"3.0.5","node8DeploysDisabledAfter":1613390400000,"node8RuntimeDisabledAfter":1615809600000,"node8WarnAfter":1600128000000}
[debug] [2025-02-16T18:50:03.368Z] Error: Timed out.
    at Timeout._onTimeout (C:\Users\cokue\AppData\Roaming\npm\node_modules\firebase-tools\lib\utils.js:269:49)
    at listOnTimeout (node:internal/timers:594:17)
    at process.processTimers (node:internal/timers:529:7)
[error] 
[error] Error: An unexpected error has occurred.
[debug] [2025-02-16T18:52:32.729Z] ----------------------------------------------------------------------
[debug] [2025-02-16T18:52:32.733Z] Command:       C:\Program Files\nodejs\node.exe C:\Users\cokue\AppData\Roaming\npm\node_modules\firebase-tools\lib\bin\firebase.js projects:list
[debug] [2025-02-16T18:52:32.733Z] CLI Version:   13.31.1
[debug] [2025-02-16T18:52:32.733Z] Platform:      win32
[debug] [2025-02-16T18:52:32.733Z] Node Version:  v22.12.0
[debug] [2025-02-16T18:52:32.734Z] Time:          Sun Feb 16 2025 23:52:32 GMT+0500 (Узбекистан, стандартное время)
[debug] [2025-02-16T18:52:32.734Z] ----------------------------------------------------------------------
[debug] 
[debug] [2025-02-16T18:52:32.745Z] > command requires scopes: ["email","openid","https://www.googleapis.com/auth/cloudplatformprojects.readonly","https://www.googleapis.com/auth/firebase","https://www.googleapis.com/auth/cloud-platform"]
[debug] [2025-02-16T18:52:32.746Z] > authorizing via signed-in user (cokuevn@gmail.com)
[debug] [2025-02-16T18:52:32.754Z] Checked if tokens are valid: false, expires at: 1738116315276
[debug] [2025-02-16T18:52:32.755Z] Checked if tokens are valid: false, expires at: 1738116315276
[debug] [2025-02-16T18:52:32.755Z] > refreshing access token with scopes: []
[debug] [2025-02-16T18:52:32.758Z] >>> [apiv2][query] POST https://www.googleapis.com/oauth2/v3/token [none]
[debug] [2025-02-16T18:52:32.758Z] >>> [apiv2][body] POST https://www.googleapis.com/oauth2/v3/token [omitted]
[debug] [2025-02-16T18:52:34.392Z] <<< [apiv2][status] POST https://www.googleapis.com/oauth2/v3/token 200
[debug] [2025-02-16T18:52:34.392Z] <<< [apiv2][body] POST https://www.googleapis.com/oauth2/v3/token [omitted]
[debug] [2025-02-16T18:52:34.401Z] >>> [apiv2][query] GET https://firebase.googleapis.com/v1beta1/projects pageSize=1000
[debug] [2025-02-16T18:52:36.307Z] <<< [apiv2][status] GET https://firebase.googleapis.com/v1beta1/projects 200
[debug] [2025-02-16T18:52:36.307Z] <<< [apiv2][body] GET https://firebase.googleapis.com/v1beta1/projects [omitted]
[info] ┌──────────────────────────┬───────────────────────────────┬────────────────┬──────────────────────┐
│ Project Display Name     │ Project ID                    │ Project Number │ Resource Location ID │
├──────────────────────────┼───────────────────────────────┼────────────────┼──────────────────────┤
│ Comfort                  │ comfort-9465a                 │ 654373589786   │ [Not specified]      │
├──────────────────────────┼───────────────────────────────┼────────────────┼──────────────────────┤
│ comfort-backend          │ comfort-backend-58ab3         │ 596196296284   │ [Not specified]      │
├──────────────────────────┼───────────────────────────────┼────────────────┼──────────────────────┤
│ islam                    │ comfort-finance               │ 984421106886   │ [Not specified]      │
├──────────────────────────┼───────────────────────────────┼────────────────┼──────────────────────┤
│ finance                  │ finance-a88e4                 │ 982874806548   │ [Not specified]      │
├──────────────────────────┼───────────────────────────────┼────────────────┼──────────────────────┤
│  loan-calculator-backend │ loan-calculator-backend-75334 │ 706554519204   │ [Not specified]      │
├──────────────────────────┼───────────────────────────────┼────────────────┼──────────────────────┤
│ Online Shop              │ online-shop-8d286             │ 87201912378    │ [Not specified]      │
├──────────────────────────┼───────────────────────────────┼────────────────┼──────────────────────┤
│ test95                   │ test95-e6936                  │ 993257087120   │ europe-west          │
└──────────────────────────┴───────────────────────────────┴────────────────┴──────────────────────┘
[info] 
[info] 7 project(s) total.
[debug] [2025-02-16T18:52:46.366Z] Error: Timed out.
    at Timeout._onTimeout (C:\Users\cokue\AppData\Roaming\npm\node_modules\firebase-tools\lib\utils.js:269:49)
    at listOnTimeout (node:internal/timers:594:17)
    at process.processTimers (node:internal/timers:529:7)
[error] 
[error] Error: An unexpected error has occurred.
[debug] [2025-02-16T18:53:57.635Z] ----------------------------------------------------------------------
[debug] [2025-02-16T18:53:57.641Z] Command:       C:\Program Files\nodejs\node.exe C:\Users\cokue\AppData\Roaming\npm\node_modules\firebase-tools\lib\bin\firebase.js init
[debug] [2025-02-16T18:53:57.642Z] CLI Version:   13.31.1
[debug] [2025-02-16T18:53:57.642Z] Platform:      win32
[debug] [2025-02-16T18:53:57.642Z] Node Version:  v22.12.0
[debug] [2025-02-16T18:53:57.643Z] Time:          Sun Feb 16 2025 23:53:57 GMT+0500 (Узбекистан, стандартное время)
[debug] [2025-02-16T18:53:57.644Z] ----------------------------------------------------------------------
[debug] 
[debug] [2025-02-16T18:53:57.656Z] > command requires scopes: ["email","openid","https://www.googleapis.com/auth/cloudplatformprojects.readonly","https://www.googleapis.com/auth/firebase","https://www.googleapis.com/auth/cloud-platform"]
[debug] [2025-02-16T18:53:57.657Z] > authorizing via signed-in user (cokuevn@gmail.com)
[info] 
     ######## #### ########  ######## ########     ###     ######  ########
     ##        ##  ##     ## ##       ##     ##  ##   ##  ##       ##
     ######    ##  ########  ######   ########  #########  ######  ######
     ##        ##  ##    ##  ##       ##     ## ##     ##       ## ##
     ##       #### ##     ## ######## ########  ##     ##  ######  ########

You're about to initialize a Firebase project in this directory:

  C:\Users\cokue\dev\comfort-finance-app

[info] 
=== Project Setup
[info] 
[info] First, let's associate this project directory with a Firebase project.
[info] You can create multiple project aliases by running firebase use --add, 
[info] but for now we'll just set up a default project.
[info] 
[debug] [2025-02-16T18:54:42.477Z] Checked if tokens are valid: true, expires at: 1739735553392
[debug] [2025-02-16T18:54:42.478Z] Checked if tokens are valid: true, expires at: 1739735553392
[debug] [2025-02-16T18:54:42.480Z] >>> [apiv2][query] GET https://firebase.googleapis.com/v1beta1/projects pageSize=100
[debug] [2025-02-16T18:54:43.824Z] <<< [apiv2][status] GET https://firebase.googleapis.com/v1beta1/projects 200
[debug] [2025-02-16T18:54:43.825Z] <<< [apiv2][body] GET https://firebase.googleapis.com/v1beta1/projects [omitted]
[info] i  Using project finance-a88e4 (finance) 
[info] 
=== Firestore Setup
[debug] [2025-02-16T18:56:10.825Z] Checked if tokens are valid: true, expires at: 1739735553392
[debug] [2025-02-16T18:56:10.826Z] Checked if tokens are valid: true, expires at: 1739735553392
[debug] [2025-02-16T18:56:10.826Z] >>> [apiv2][query] GET https://serviceusage.googleapis.com/v1/projects/finance-a88e4/services/firestore.googleapis.com [none]
[debug] [2025-02-16T18:56:10.826Z] >>> [apiv2][(partial)header] GET https://serviceusage.googleapis.com/v1/projects/finance-a88e4/services/firestore.googleapis.com x-goog-quota-user=projects/finance-a88e4
[debug] [2025-02-16T18:56:13.104Z] <<< [apiv2][status] GET https://serviceusage.googleapis.com/v1/projects/finance-a88e4/services/firestore.googleapis.com 200
[debug] [2025-02-16T18:56:13.105Z] <<< [apiv2][body] GET https://serviceusage.googleapis.com/v1/projects/finance-a88e4/services/firestore.googleapis.com [omitted]
[debug] [2025-02-16T18:56:13.105Z] Checked if tokens are valid: true, expires at: 1739735553392
[debug] [2025-02-16T18:56:13.105Z] Checked if tokens are valid: true, expires at: 1739735553392
[debug] [2025-02-16T18:56:13.105Z] >>> [apiv2][query] GET https://firestore.googleapis.com/v1/projects/finance-a88e4/databases/(default) [none]
[debug] [2025-02-16T18:56:14.748Z] <<< [apiv2][status] GET https://firestore.googleapis.com/v1/projects/finance-a88e4/databases/(default) 200
[debug] [2025-02-16T18:56:14.748Z] <<< [apiv2][body] GET https://firestore.googleapis.com/v1/projects/finance-a88e4/databases/(default) {"name":"projects/finance-a88e4/databases/(default)","uid":"c1202f29-4c2a-421d-89b6-98c87587c81c","createTime":"2025-01-28T16:50:41.905348Z","updateTime":"2025-01-28T16:50:41.905348Z","locationId":"eur3","type":"FIRESTORE_NATIVE","concurrencyMode":"PESSIMISTIC","versionRetentionPeriod":"3600s","earliestVersionTime":"2025-02-16T17:56:08.480855Z","appEngineIntegrationMode":"DISABLED","keyPrefix":"e","pointInTimeRecoveryEnablement":"POINT_IN_TIME_RECOVERY_DISABLED","deleteProtectionState":"DELETE_PROTECTION_DISABLED","databaseEdition":"STANDARD","etag":"IPasoK/vyIsDMPPnkuzLoosD"}
[debug] [2025-02-16T18:56:14.748Z] database_type: FIRESTORE_NATIVE
[debug] [2025-02-16T18:56:14.748Z] database_type: FIRESTORE_NATIVE
[debug] [2025-02-16T18:56:14.749Z] > command requires scopes: ["email","openid","https://www.googleapis.com/auth/cloudplatformprojects.readonly","https://www.googleapis.com/auth/firebase","https://www.googleapis.com/auth/cloud-platform"]
[debug] [2025-02-16T18:56:14.749Z] > authorizing via signed-in user (cokuevn@gmail.com)
[debug] [2025-02-16T18:56:14.749Z] [iam] checking project finance-a88e4 for permissions ["firebase.projects.get"]
[debug] [2025-02-16T18:56:14.750Z] Checked if tokens are valid: true, expires at: 1739735553392
[debug] [2025-02-16T18:56:14.750Z] Checked if tokens are valid: true, expires at: 1739735553392
[debug] [2025-02-16T18:56:14.750Z] >>> [apiv2][query] POST https://cloudresourcemanager.googleapis.com/v1/projects/finance-a88e4:testIamPermissions [none]
[debug] [2025-02-16T18:56:14.750Z] >>> [apiv2][(partial)header] POST https://cloudresourcemanager.googleapis.com/v1/projects/finance-a88e4:testIamPermissions x-goog-quota-user=projects/finance-a88e4
[debug] [2025-02-16T18:56:14.750Z] >>> [apiv2][body] POST https://cloudresourcemanager.googleapis.com/v1/projects/finance-a88e4:testIamPermissions {"permissions":["firebase.projects.get"]}
[debug] [2025-02-16T18:56:16.831Z] <<< [apiv2][status] POST https://cloudresourcemanager.googleapis.com/v1/projects/finance-a88e4:testIamPermissions 200
[debug] [2025-02-16T18:56:16.831Z] <<< [apiv2][body] POST https://cloudresourcemanager.googleapis.com/v1/projects/finance-a88e4:testIamPermissions {"permissions":["firebase.projects.get"]}
[info] 
[info] Firestore Security Rules allow you to define how and when to allow
[info] requests. You can keep these rules in your project directory
[info] and publish them with firebase deploy.
[info] 
[debug] [2025-02-16T18:58:22.786Z] Checked if tokens are valid: true, expires at: 1739735553392
[debug] [2025-02-16T18:58:22.787Z] Checked if tokens are valid: true, expires at: 1739735553392
[debug] [2025-02-16T18:58:22.787Z] >>> [apiv2][query] GET https://firebaserules.googleapis.com/v1/projects/finance-a88e4/releases pageSize=10&pageToken=
[debug] [2025-02-16T18:58:25.056Z] <<< [apiv2][status] GET https://firebaserules.googleapis.com/v1/projects/finance-a88e4/releases 200
[debug] [2025-02-16T18:58:25.056Z] <<< [apiv2][body] GET https://firebaserules.googleapis.com/v1/projects/finance-a88e4/releases {"releases":[{"name":"projects/finance-a88e4/releases/cloud.firestore","rulesetName":"projects/finance-a88e4/rulesets/0081669b-380d-497b-9197-7a2ddb0b7f0f","createTime":"2025-01-28T16:50:46.745758Z","updateTime":"2025-02-01T13:36:44.004682Z"}]}
[debug] [2025-02-16T18:58:25.056Z] Found ruleset: projects/finance-a88e4/rulesets/0081669b-380d-497b-9197-7a2ddb0b7f0f
[debug] [2025-02-16T18:58:25.056Z] Checked if tokens are valid: true, expires at: 1739735553392
[debug] [2025-02-16T18:58:25.056Z] Checked if tokens are valid: true, expires at: 1739735553392
[debug] [2025-02-16T18:58:25.057Z] >>> [apiv2][query] GET https://firebaserules.googleapis.com/v1/projects/finance-a88e4/rulesets/0081669b-380d-497b-9197-7a2ddb0b7f0f [none]
[debug] [2025-02-16T18:58:25.363Z] <<< [apiv2][status] GET https://firebaserules.googleapis.com/v1/projects/finance-a88e4/rulesets/0081669b-380d-497b-9197-7a2ddb0b7f0f 200
[debug] [2025-02-16T18:58:25.363Z] <<< [apiv2][body] GET https://firebaserules.googleapis.com/v1/projects/finance-a88e4/rulesets/0081669b-380d-497b-9197-7a2ddb0b7f0f [omitted]
[info] 
[info] Firestore indexes allow you to perform complex queries while
[info] maintaining performance that scales with the size of the result
[info] set. You can keep index definitions in your project directory
[info] and publish them with firebase deploy.
[info] 
[debug] [2025-02-16T18:58:28.320Z] Checked if tokens are valid: true, expires at: 1739735553392
[debug] [2025-02-16T18:58:28.320Z] Checked if tokens are valid: true, expires at: 1739735553392
[debug] [2025-02-16T18:58:28.321Z] Checked if tokens are valid: true, expires at: 1739735553392
[debug] [2025-02-16T18:58:28.321Z] Checked if tokens are valid: true, expires at: 1739735553392
[debug] [2025-02-16T18:58:28.321Z] >>> [apiv2][query] GET https://firestore.googleapis.com/v1/projects/finance-a88e4/databases/(default)/collectionGroups/-/indexes [none]
[debug] [2025-02-16T18:58:28.324Z] >>> [apiv2][query] GET https://firestore.googleapis.com/v1/projects/finance-a88e4/databases/(default)/collectionGroups/-/fields?filter=indexConfig.usesAncestorConfig=false OR ttlConfig:* [none]
[debug] [2025-02-16T18:58:29.242Z] <<< [apiv2][status] GET https://firestore.googleapis.com/v1/projects/finance-a88e4/databases/(default)/collectionGroups/-/indexes 200
[debug] [2025-02-16T18:58:29.242Z] <<< [apiv2][body] GET https://firestore.googleapis.com/v1/projects/finance-a88e4/databases/(default)/collectionGroups/-/indexes {}
[debug] [2025-02-16T18:58:29.295Z] <<< [apiv2][status] GET https://firestore.googleapis.com/v1/projects/finance-a88e4/databases/(default)/collectionGroups/-/fields?filter=indexConfig.usesAncestorConfig=false OR ttlConfig:* 200
[debug] [2025-02-16T18:58:29.295Z] <<< [apiv2][body] GET https://firestore.googleapis.com/v1/projects/finance-a88e4/databases/(default)/collectionGroups/-/fields?filter=indexConfig.usesAncestorConfig=false OR ttlConfig:* {"fields":[{"name":"projects/finance-a88e4/databases/(default)/collectionGroups/__default__/fields/*","indexConfig":{"indexes":[{"queryScope":"COLLECTION","fields":[{"fieldPath":"*","order":"ASCENDING"}],"state":"READY"},{"queryScope":"COLLECTION","fields":[{"fieldPath":"*","order":"DESCENDING"}],"state":"READY"},{"queryScope":"COLLECTION","fields":[{"fieldPath":"*","arrayConfig":"CONTAINS"}],"state":"READY"}]}}]}
[info] 
=== Functions Setup
[debug] [2025-02-16T18:58:29.298Z] > command requires scopes: ["email","openid","https://www.googleapis.com/auth/cloudplatformprojects.readonly","https://www.googleapis.com/auth/firebase","https://www.googleapis.com/auth/cloud-platform"]
[debug] [2025-02-16T18:58:29.299Z] > authorizing via signed-in user (cokuevn@gmail.com)
[debug] [2025-02-16T18:58:29.299Z] [iam] checking project finance-a88e4 for permissions ["firebase.projects.get"]
[debug] [2025-02-16T18:58:29.299Z] Checked if tokens are valid: true, expires at: 1739735553392
[debug] [2025-02-16T18:58:29.299Z] Checked if tokens are valid: true, expires at: 1739735553392
[debug] [2025-02-16T18:58:29.299Z] >>> [apiv2][query] POST https://cloudresourcemanager.googleapis.com/v1/projects/finance-a88e4:testIamPermissions [none]
[debug] [2025-02-16T18:58:29.300Z] >>> [apiv2][(partial)header] POST https://cloudresourcemanager.googleapis.com/v1/projects/finance-a88e4:testIamPermissions x-goog-quota-user=projects/finance-a88e4
[debug] [2025-02-16T18:58:29.300Z] >>> [apiv2][body] POST https://cloudresourcemanager.googleapis.com/v1/projects/finance-a88e4:testIamPermissions {"permissions":["firebase.projects.get"]}
[debug] [2025-02-16T18:58:30.602Z] <<< [apiv2][status] POST https://cloudresourcemanager.googleapis.com/v1/projects/finance-a88e4:testIamPermissions 200
[debug] [2025-02-16T18:58:30.602Z] <<< [apiv2][body] POST https://cloudresourcemanager.googleapis.com/v1/projects/finance-a88e4:testIamPermissions {"permissions":["firebase.projects.get"]}
[debug] [2025-02-16T18:58:30.602Z] Checked if tokens are valid: true, expires at: 1739735553392
[debug] [2025-02-16T18:58:30.603Z] Checked if tokens are valid: true, expires at: 1739735553392
[debug] [2025-02-16T18:58:30.603Z] Checked if tokens are valid: true, expires at: 1739735553392
[debug] [2025-02-16T18:58:30.603Z] Checked if tokens are valid: true, expires at: 1739735553392
[debug] [2025-02-16T18:58:30.603Z] >>> [apiv2][query] GET https://serviceusage.googleapis.com/v1/projects/finance-a88e4/services/cloudfunctions.googleapis.com [none]
[debug] [2025-02-16T18:58:30.603Z] >>> [apiv2][(partial)header] GET https://serviceusage.googleapis.com/v1/projects/finance-a88e4/services/cloudfunctions.googleapis.com x-goog-quota-user=projects/finance-a88e4
[debug] [2025-02-16T18:58:30.607Z] >>> [apiv2][query] GET https://serviceusage.googleapis.com/v1/projects/finance-a88e4/services/runtimeconfig.googleapis.com [none]
[debug] [2025-02-16T18:58:30.607Z] >>> [apiv2][(partial)header] GET https://serviceusage.googleapis.com/v1/projects/finance-a88e4/services/runtimeconfig.googleapis.com x-goog-quota-user=projects/finance-a88e4
[debug] [2025-02-16T18:58:32.258Z] <<< [apiv2][status] GET https://serviceusage.googleapis.com/v1/projects/finance-a88e4/services/cloudfunctions.googleapis.com 200
[debug] [2025-02-16T18:58:32.258Z] <<< [apiv2][body] GET https://serviceusage.googleapis.com/v1/projects/finance-a88e4/services/cloudfunctions.googleapis.com [omitted]
[debug] [2025-02-16T18:58:35.379Z] <<< [apiv2][status] GET https://serviceusage.googleapis.com/v1/projects/finance-a88e4/services/runtimeconfig.googleapis.com 200
[debug] [2025-02-16T18:58:35.379Z] <<< [apiv2][body] GET https://serviceusage.googleapis.com/v1/projects/finance-a88e4/services/runtimeconfig.googleapis.com [omitted]
[info] Let's create a new codebase for your functions.
[info] A directory corresponding to the codebase will be created in your project
[info] with sample code pre-configured.

[info] See https://firebase.google.com/docs/functions/organize-functions for
[info] more information on organizing your functions using codebases.

[info] Functions can be deployed with firebase deploy.

[info] +  Wrote functions/package.json 
[info] +  Wrote functions/.eslintrc.js 
[info] +  Wrote functions/tsconfig.json 
[info] +  Wrote functions/tsconfig.dev.json 
[info] +  Wrote functions/src/index.ts 
[info] +  Wrote functions/.gitignore 
[info] 
=== Hosting Setup
[debug] [2025-02-16T19:00:55.593Z] Checked if tokens are valid: true, expires at: 1739735553392
[debug] [2025-02-16T19:00:55.594Z] Checked if tokens are valid: true, expires at: 1739735553392
[debug] [2025-02-16T19:00:55.594Z] >>> [apiv2][query] GET https://firebase.googleapis.com/v1beta1/projects/finance-a88e4 [none]
[debug] [2025-02-16T19:00:57.386Z] <<< [apiv2][status] GET https://firebase.googleapis.com/v1beta1/projects/finance-a88e4 200
[debug] [2025-02-16T19:00:57.386Z] <<< [apiv2][body] GET https://firebase.googleapis.com/v1beta1/projects/finance-a88e4 {"projectId":"finance-a88e4","projectNumber":"982874806548","displayName":"finance","name":"projects/finance-a88e4","resources":{"hostingSite":"finance-a88e4"},"state":"ACTIVE","etag":"1_000f8403-69da-496a-846f-f6afa63921ae"}
[info] 
[info] Your public directory is the folder (relative to your project directory) that
[info] will contain Hosting assets to be uploaded with firebase deploy. If you
[info] have a build process for your assets, use your build's output directory.
[info] 
[debug] [2025-02-16T19:01:48.316Z] >>> [apiv2][query] GET https://www.gstatic.com/firebasejs/releases.json [none]
[debug] [2025-02-16T19:01:49.419Z] <<< [apiv2][status] GET https://www.gstatic.com/firebasejs/releases.json 200
[debug] [2025-02-16T19:01:49.419Z] <<< [apiv2][body] GET https://www.gstatic.com/firebasejs/releases.json {"current":{"version":"11.3.1","browserURL":"https://www.gstatic.com/firebasejs/11.3.1/firebase.js","packageURL":"https://www.gstatic.com/firebasejs/11.3.1/firebase.tgz"},"live":{"version":"11.3","browserURL":"https://www.gstatic.com/firebasejs/live/11.3/firebase.js","packageURL":"https://www.gstatic.com/firebasejs/live/11.3/firebase.tgz"},"components":{"analytics":"https://www.gstatic.com/firebasejs/11.3.1/firebase-analytics.js","app":"https://www.gstatic.com/firebasejs/11.3.1/firebase-app.js","app-check":"https://www.gstatic.com/firebasejs/11.3.1/firebase-app-check.js","auth":"https://www.gstatic.com/firebasejs/11.3.1/firebase-auth.js","auth/cordova":"https://www.gstatic.com/firebasejs/11.3.1/firebase-auth/cordova.js","auth/web-extension":"https://www.gstatic.com/firebasejs/11.3.1/firebase-auth/web-extension.js","functions":"https://www.gstatic.com/firebasejs/11.3.1/firebase-functions.js","firestore":"https://www.gstatic.com/firebasejs/11.3.1/firebase-firestore.js","firestore/lite":"https://www.gstatic.com/firebasejs/11.3.1/firebase-firestore/lite.js","installations":"https://www.gstatic.com/firebasejs/11.3.1/firebase-installations.js","storage":"https://www.gstatic.com/firebasejs/11.3.1/firebase-storage.js","performance":"https://www.gstatic.com/firebasejs/11.3.1/firebase-performance.js","remote-config":"https://www.gstatic.com/firebasejs/11.3.1/firebase-remote-config.js","messaging":"https://www.gstatic.com/firebasejs/11.3.1/firebase-messaging.js","messaging/sw":"https://www.gstatic.com/firebasejs/11.3.1/firebase-messaging/sw.js","database":"https://www.gstatic.com/firebasejs/11.3.1/firebase-database.js","vertexai":"https://www.gstatic.com/firebasejs/11.3.1/firebase-vertexai.js","data-connect":"https://www.gstatic.com/firebasejs/11.3.1/firebase-data-connect.js","firestore.memory":"https://www.gstatic.com/firebasejs/11.3.1/firebase-firestore.memory.js"}}
[info] +  Wrote public/index.html 
[info] 
[info] i  Writing configuration info to firebase.json... 
[info] i  Writing project information to .firebaserc... 
[info] 
[info] +  Firebase initialization complete! 
[debug] [2025-02-16T19:01:59.455Z] Error: Timed out.
    at Timeout._onTimeout (C:\Users\cokue\AppData\Roaming\npm\node_modules\firebase-tools\lib\utils.js:269:49)
    at listOnTimeout (node:internal/timers:594:17)
    at process.processTimers (node:internal/timers:529:7)
[error] 
[error] Error: An unexpected error has occurred.
[debug] [2025-02-16T19:02:23.331Z] ----------------------------------------------------------------------
[debug] [2025-02-16T19:02:23.334Z] Command:       C:\Program Files\nodejs\node.exe C:\Users\cokue\AppData\Roaming\npm\node_modules\firebase-tools\lib\bin\firebase.js init
[debug] [2025-02-16T19:02:23.335Z] CLI Version:   13.31.1
[debug] [2025-02-16T19:02:23.335Z] Platform:      win32
[debug] [2025-02-16T19:02:23.335Z] Node Version:  v22.12.0
[debug] [2025-02-16T19:02:23.336Z] Time:          Mon Feb 17 2025 00:02:23 GMT+0500 (Узбекистан, стандартное время)
[debug] [2025-02-16T19:02:23.336Z] ----------------------------------------------------------------------
[debug] 
[debug] [2025-02-16T19:02:23.677Z] > command requires scopes: ["email","openid","https://www.googleapis.com/auth/cloudplatformprojects.readonly","https://www.googleapis.com/auth/firebase","https://www.googleapis.com/auth/cloud-platform"]
[debug] [2025-02-16T19:02:23.678Z] > authorizing via signed-in user (cokuevn@gmail.com)
[info] 
     ######## #### ########  ######## ########     ###     ######  ########
     ##        ##  ##     ## ##       ##     ##  ##   ##  ##       ##
     ######    ##  ########  ######   ########  #########  ######  ######
     ##        ##  ##    ##  ##       ##     ## ##     ##       ## ##
     ##       #### ##     ## ######## ########  ##     ##  ######  ########

You're about to initialize a Firebase project in this directory:

  C:\Users\cokue\dev\comfort-finance-app

Before we get started, keep in mind:

  * You are initializing within an existing Firebase project directory

[info] 
=== Project Setup
[info] 
[info] First, let's associate this project directory with a Firebase project.
[info] You can create multiple project aliases by running firebase use --add, 
[info] but for now we'll just set up a default project.
[info] 
[debug] [2025-02-16T19:02:35.079Z] Using project from CLI flag: finance-a88e4
[debug] [2025-02-16T19:02:35.081Z] Checked if tokens are valid: true, expires at: 1739735553392
[debug] [2025-02-16T19:02:35.081Z] Checked if tokens are valid: true, expires at: 1739735553392
[debug] [2025-02-16T19:02:35.083Z] >>> [apiv2][query] GET https://firebase.googleapis.com/v1beta1/projects/finance-a88e4 [none]
[debug] [2025-02-16T19:02:36.310Z] <<< [apiv2][status] GET https://firebase.googleapis.com/v1beta1/projects/finance-a88e4 200
[debug] [2025-02-16T19:02:36.310Z] <<< [apiv2][body] GET https://firebase.googleapis.com/v1beta1/projects/finance-a88e4 {"projectId":"finance-a88e4","projectNumber":"982874806548","displayName":"finance","name":"projects/finance-a88e4","resources":{"hostingSite":"finance-a88e4"},"state":"ACTIVE","etag":"1_000f8403-69da-496a-846f-f6afa63921ae"}
[info] i  Using project finance-a88e4 (finance) 
[info] 
=== Hosting Setup
[debug] [2025-02-16T19:02:36.317Z] Checked if tokens are valid: true, expires at: 1739735553392
[debug] [2025-02-16T19:02:36.317Z] Checked if tokens are valid: true, expires at: 1739735553392
[debug] [2025-02-16T19:02:36.317Z] >>> [apiv2][query] GET https://firebase.googleapis.com/v1beta1/projects/finance-a88e4 [none]
[debug] [2025-02-16T19:02:36.648Z] <<< [apiv2][status] GET https://firebase.googleapis.com/v1beta1/projects/finance-a88e4 200
[debug] [2025-02-16T19:02:36.648Z] <<< [apiv2][body] GET https://firebase.googleapis.com/v1beta1/projects/finance-a88e4 {"projectId":"finance-a88e4","projectNumber":"982874806548","displayName":"finance","name":"projects/finance-a88e4","resources":{"hostingSite":"finance-a88e4"},"state":"ACTIVE","etag":"1_000f8403-69da-496a-846f-f6afa63921ae"}
[info] 
[info] Your public directory is the folder (relative to your project directory) that
[info] will contain Hosting assets to be uploaded with firebase deploy. If you
[info] have a build process for your assets, use your build's output directory.
[info] 
[debug] [2025-02-16T19:03:12.085Z] >>> [apiv2][query] GET https://www.gstatic.com/firebasejs/releases.json [none]
[debug] [2025-02-16T19:03:13.028Z] <<< [apiv2][status] GET https://www.gstatic.com/firebasejs/releases.json 200
[debug] [2025-02-16T19:03:13.028Z] <<< [apiv2][body] GET https://www.gstatic.com/firebasejs/releases.json {"current":{"version":"11.3.1","browserURL":"https://www.gstatic.com/firebasejs/11.3.1/firebase.js","packageURL":"https://www.gstatic.com/firebasejs/11.3.1/firebase.tgz"},"live":{"version":"11.3","browserURL":"https://www.gstatic.com/firebasejs/live/11.3/firebase.js","packageURL":"https://www.gstatic.com/firebasejs/live/11.3/firebase.tgz"},"components":{"analytics":"https://www.gstatic.com/firebasejs/11.3.1/firebase-analytics.js","app":"https://www.gstatic.com/firebasejs/11.3.1/firebase-app.js","app-check":"https://www.gstatic.com/firebasejs/11.3.1/firebase-app-check.js","auth":"https://www.gstatic.com/firebasejs/11.3.1/firebase-auth.js","auth/cordova":"https://www.gstatic.com/firebasejs/11.3.1/firebase-auth/cordova.js","auth/web-extension":"https://www.gstatic.com/firebasejs/11.3.1/firebase-auth/web-extension.js","functions":"https://www.gstatic.com/firebasejs/11.3.1/firebase-functions.js","firestore":"https://www.gstatic.com/firebasejs/11.3.1/firebase-firestore.js","firestore/lite":"https://www.gstatic.com/firebasejs/11.3.1/firebase-firestore/lite.js","installations":"https://www.gstatic.com/firebasejs/11.3.1/firebase-installations.js","storage":"https://www.gstatic.com/firebasejs/11.3.1/firebase-storage.js","performance":"https://www.gstatic.com/firebasejs/11.3.1/firebase-performance.js","remote-config":"https://www.gstatic.com/firebasejs/11.3.1/firebase-remote-config.js","messaging":"https://www.gstatic.com/firebasejs/11.3.1/firebase-messaging.js","messaging/sw":"https://www.gstatic.com/firebasejs/11.3.1/firebase-messaging/sw.js","database":"https://www.gstatic.com/firebasejs/11.3.1/firebase-database.js","vertexai":"https://www.gstatic.com/firebasejs/11.3.1/firebase-vertexai.js","data-connect":"https://www.gstatic.com/firebasejs/11.3.1/firebase-data-connect.js","firestore.memory":"https://www.gstatic.com/firebasejs/11.3.1/firebase-firestore.memory.js"}}
[info] i  public/index.html is unchanged 
[info] 
[info] i  Detected a .git folder at C:\Users\cokue\dev\comfort-finance-app 
[info] i  Authorizing with GitHub to upload your service account to a GitHub repository's secrets store. 
[info] 
[info] Visit this URL on this device to log in:
[info] https://github.com/login/oauth/authorize?client_id=89cf50f02ac6aaed3484&state=274297483&redirect_uri=http%3A%2F%2Flocalhost%3A9005&scope=read%3Auser%20repo%20public_repo
[info] 
[info] Waiting for authentication...
